I'm sorry, but errors were detected in your script. Please correct the
errors listed below, and try again.


File "game/script.rpy", line 251: choice menuitem expects a non-empty block.
    "Pencil":
             ^

Ren'Py Version: Ren'Py 7.3.5.606
Tue Aug 25 11:36:28 2020
